################################################################################
#                                                                              #
#      IAR Universal Linker V6.5.4.100                                         #
#                                                                              #
#           Link time     =  23/Apr/2021  17:35:28                             #
#           Target CPU    =  MSP430                                            #
#           List file     =  C:\Users\Jose\Desktop\IAR\BMP\Debug\List\BPMSim.m #
#                            ap                                                #
#           Output file 1 =  C:\Users\Jose\Desktop\IAR\BMP\Debug\Exe\BPMSim.d4 #
#                            3                                                 #
#                            Format: ubrof10                                   #
#                            UBROF version 10.0.6                              #
#                            Using library modules for C-SPY (-rt)             #
#           Command line  =  -f C:\Users\Jose\AppData\Local\Temp\EWFD87.tmp    #
#                            (C:\Users\Jose\Desktop\IAR\BMP\Debug\Obj\asm.r43  #
#                            -o                                                #
#                            C:\Users\Jose\Desktop\IAR\BMP\Debug\Exe\BPMSim.d4 #
#                            3                                                 #
#                            -l                                                #
#                            C:\Users\Jose\Desktop\IAR\BMP\Debug\List\BPMSim.m #
#                            ap                                                #
#                            -xms                                              #
#                            "-IC:\Program Files (x86)\IAR Systems\Embedded Wo #
#                            rkbench 8.4\430\LIB\"                             #
#                            -f                                                #
#                            "C:\Program Files (x86)\IAR Systems\Embedded Work #
#                            bench 8.4\430\config\linker\lnk430fr6989.xcl"     #
#                            (-cmsp430 -QCODE_I=CODE_ID -QTLS16_I=TLS16_ID     #
#                            -D__iar_HWMUL=4C0 -Z(CONST)INFO=1800-19FF         #
#                            -Z(CONST)INFOA=1980-19FF                          #
#                            -Z(CONST)INFOB=1900-197F                          #
#                            -Z(CONST)INFOC=1880-18FF                          #
#                            -Z(CONST)INFOD=1800-187F                          #
#                            -Z(DATA)TINYRAM=0006-001F                         #
#                            -Z(DATA)DATA16_I,DATA16_Z,DATA16_N,TLS16_I=1C00-2 #
#                            3FF                                               #
#                            -Z(DATA)CODE_I                                    #
#                            -Z(DATA)DATA20_I,DATA20_Z,DATA20_N                #
#                            -Z(DATA)CSTACK+_STACK_SIZE#                       #
#                            -Z(CONST)DATA16_P,DATA20_P=4400-FF7F              #
#                            -Z(DATA)DATA16_HEAP+_DATA16_HEAP_SIZE             #
#                            -Z(DATA)DATA20_HEAP+_DATA20_HEAP_SIZE             #
#                            -Z(CONST)MPU_B1 -Z(CONST)IPE_B1=4400-FF7F         #
#                            -Z(DATA)IPEDATA16_N -Z(CODE)IPECODE16             #
#                            -Z(CONST)IPEDATA16_C,IPE_B2 -Z(CONST)MPU_B2       #
#                            -Z(CONST)DATA16_C,DATA16_ID,TLS16_ID,DIFUNCT,CHEC #
#                            KSUM=4400-FF7F                                    #
#                            -Z(CODE)CSTART,ISR_CODE,CODE16=4400-FF7F          #
#                            -P(CODE)CODE=4400-FF7F,10000-23FFF                #
#                            -Z(CODE)CODE_PAD                                  #
#                            -Z(CONST)DATA20_C,DATA20_ID,CODE_ID=4400-FF7F,100 #
#                            40-23FFF                                          #
#                            -Z(CONST)SIGNATURE=FF80-FF8F                      #
#                            -Z(CONST)JTAGSIGNATURE=FF80-FF83                  #
#                            -Z(CONST)BSLSIGNATURE=FF84-FF87                   #
#                            -Z(CONST)IPESIGNATURE=FF88-FF8F                   #
#                            -Z(CODE)INTVEC=FF90-FFFF                          #
#                            -Z(CODE)RESET=FFFE-FFFF) -f                       #
#                            "C:\Program Files (x86)\IAR Systems\Embedded Work #
#                            bench 8.4\430\config\linker\multiplier32.xcl"     #
#                            (-e?Mul8Hw=?Mul8 -e?Mul16Hw=?Mul16                #
#                            -e?Mul16to32uHw=?Mul16to32u                       #
#                            -e?Mul16to32sHw=?Mul16to32s -e?Mul32Hw32=?Mul32   #
#                            -e?Mul64Hw32=_Mul64i                              #
#                            -e?Mul32u32uto64iHw32=_Mul32u32uto64i             #
#                            -e?Mul32fHw32=_Mul32f                             #
#                            -e_Mul64fHw32Ptr=_Mul64fPtr) -D_STACK_SIZE=A0     #
#                            -rt -D_DATA16_HEAP_SIZE=A0                        #
#                            -D_DATA20_HEAP_SIZE=50)                           #
#                                                                              #
#                           Copyright (C) 1987-2018 IAR Systems AB.            #
################################################################################





                ****************************************
                *                                      *
                *           CROSS REFERENCE            *
                *                                      *
                ****************************************

                  There are no program entries.


                ****************************************
                *                                      *
                *    AUTOMATIC SYMBOL REDIRECTIONS     *
                *                                      *
                ****************************************

                  There are no automatic symbol redirections.



                ****************************************
                *                                      *
                *              MODULE MAP              *
                *                                      *
                ****************************************


  DEFINED ABSOLUTE ENTRIES
    *************************************************************************

  DEFINED ABSOLUTE ENTRIES
  PROGRAM MODULE, NAME : ?ABS_ENTRY_MOD

Absolute parts
           ENTRY                   ADDRESS         REF BY
           =====                   =======         ======
           _DATA20_HEAP_SIZE       0050 
           _DATA16_HEAP_SIZE       00A0 
           _STACK_SIZE             00A0 
           __iar_HWMUL             04C0 
    *************************************************************************

  FILE NAME : C:\Users\Jose\Desktop\IAR\BMP\Debug\Obj\asm.r43
  PROGRAM MODULE, NAME : main

Absolute parts
     1980 - 1984
     1C00 - 1C3F
     FFDA - FFDB
     FFE8 - FFE9
     FFFE - FFFF
           LOCAL                   ADDRESS         
           =====                   =======         
           __MSP430FR5922__        0000 
           digitH                  1C00 
           digitL                  1C0A 
           state                   1C14 
           S1_Counter              1C16 
           timerCounter            1C18 
           batCounter              1C1A 
           thirtySecMark           1C1C 
           valuesForBatBars        1C1E 
           segmentsHi              1C24 
           segmentsLo              1C30 
           resultArr               1C3C 
           readingsList            1980 
           readingsSize            1983 
           readingsSaved           1984 
  SEGMENTS IN THE MODULE
  ======================
CSTACK
  Relative segment, address: 2360, align: 1
  Segment part 0. ROOT 
    -------------------------------------------------------------------------
<CODE> 1 (was CODE)
  Relative segment, address: 4400 - 4867 (0x468 bytes), align: 1
  Segment part 1. ROOT        Intra module refs:   Absolute parts
           ENTRY                   ADDRESS         REF BY
           =====                   =======         ======
           main                    4404 
           LOCAL                   ADDRESS         
           =====                   =======         
           TIMER_A0_ISR            44A4 
           PORT1_ISR               44C2 
           init                    4400 
           LCD_Setup               4436 
           stateInitializer        4670 
           UnlockGPIO              4468 
           finalizeInt             4864 
           oneSecondClock          44BA 
           heartIndicator          44BE 
           displayBar              46BE 
           sleep                   46B6 
           S2_States               44DC 
           S1_States               4500 
           resetIntFlags           46AC 
           drawRead                45E8 
           drawLog                 4614 
           save                    45C4 
           drawOption              4630 
           initializePulse         452C 
           heartBeat               4544 
           displayLectures         454C 
           saveLectureFRAM         45BA 
           recordPulse             453E 
           noReadings              456A 
           showReading             459A 
           extractDigits           4800 
           displayBPM              479C 
           return                  4866 
           iterSleep               46B8 
           resetBPM                46E8 
           numOdd                  46D0 
           numEven                 46DC 
           calcBPM                 4700 
           mult                    474C 
           multDec                 475A 
           multDisp                4754 
           resBPM                  478C 
           multFloatPar            4762 
           multFloat               4776 
           subFloat                477E 
           addFloat                4788 
           changeState             47F4 
           keepExtracting          4808 
           module10                483E 
           division10              4820 
           keepSubstractingDiv10   4830 
           keepSubstractingMod10   4852 




                ****************************************
                *                                      *
                *      SEGMENTS IN ADDRESS ORDER       *
                *                                      *
                ****************************************


SEGMENT              SPACE    START ADDRESS   END ADDRESS     SIZE  TYPE  ALIGN
=======              =====    =============   ===========     ====  ====  =====
CSTACK                                 2360 - 23FF              A0   rel    1
<CODE> 1                               4400 - 4867             468   rel    1
                                       1980 - 1984               5  aseg  
                                       1C00 - 1C3F              40  aseg  
                                       FFDA - FFDB               2  aseg  
                                       FFE8 - FFE9               2  aseg  
                                       FFFE - FFFF               2  aseg  

                ****************************************
                *                                      *
                *        END OF CROSS REFERENCE        *
                *                                      *
                ****************************************

 1 128 bytes of CODE memory (+ 75 absolute )
   160 bytes of DATA memory

Errors: none
Warnings: none

